cargo : warning: 
unused import: 
`QueryBuilder`
In Zeile:1 Zeichen:27
+ ... 
:SQLX_OFFLINE='true'; 
cargo check --bin 
research_engine 2> 
errors.txt
+                     
      ~~~~~~~~~~~~~~~~
~~~~~~~~~~~~~~~~~~~~~~
~~~~~~~~~
    + CategoryInfo    
          : NotSpeci  
  fied: (warning: u   
 nused import: `Qu    
eryBuilder`:Strin    
g) [], RemoteExce    
ption
    + FullyQualifiedE 
   rrorId : NativeCo  
  mmandError
 
 --> trading-common\sr
c\data\repository.rs:4
:24
  |
4 | use 
sqlx::{SqlitePool, 
QueryBuilder, Row};
  |                   
     ^^^^^^^^^^^^
  |
  = note: `#[warn(unus
ed_imports)]` on by 
default

warning: unused 
import: `Row`
 --> trading-common\sr
c\data\repository.rs:4
:38
  |
4 | use 
sqlx::{SqlitePool, 
QueryBuilder, Row};
  |                   
                   ^^^

warning: method 
`parse_trade_side` is 
never used
   --> trading-common\
src\data\repository.rs
:598:8
    |
34  | impl 
TickDataRepository {
    | ----------------
------- method in 
this implementation
...
598 |     fn parse_tra
de_side(&self, 
side_str: &str) -> 
DataResult<TradeSide> 
{
    |        
^^^^^^^^^^^^^^^^
    |
    = note: 
`#[warn(dead_code)]` 
on by default

warning: 
`trading-common` 
(lib) generated 3 
warnings (run `cargo 
fix --lib -p 
trading-common` to 
apply 1 suggestion)
warning: unused 
import: `async_trait::
async_trait`
 --> trading-core\src\
exchange\market_data.r
s:3:5
  |
3 | use async_trait::a
sync_trait;
  |     ^^^^^^^^^^^^^^
^^^^^^^^^^
  |
  = note: `#[warn(unus
ed_imports)]` on by 
default

warning: unused 
import: 
`MarketDataProvider`
 --> trading-core\src\
exchange\market_data.r
s:8:21
  |
8 | use super::traits:
:{MarketDataProvider};
  |                   
  ^^^^^^^^^^^^^^^^^^

warning: unused 
import: `super::errors
::ExchangeError`
 --> trading-core\src\
exchange\market_data.r
s:9:5
  |
9 | use super::errors:
:ExchangeError;
  |     ^^^^^^^^^^^^^^
^^^^^^^^^^^^^^

warning: field 
`connector` is never 
read
  --> trading-core\src
\exchange\market_data.
rs:15:5
   |
14 | pub struct 
HyperliquidMarketData 
{
   |            
--------------------- 
field in this struct
15 |     connector: Ar
c<HyperliquidConnector
>,
   |     ^^^^^^^^^
   |
   = note: 
`#[warn(dead_code)]` 
on by default

warning: 
`trading-core` (lib) 
generated 4 warnings 
(run `cargo fix --lib 
-p trading-core` to 
apply 3 suggestions)
warning: unused 
import: `trading_core:
:exchange::types::Mark
etState`
 --> trading-core\src\
bin\research_engine.rs
:7:5
  |
7 | use trading_core::
exchange::types::Marke
tState;
  |     ^^^^^^^^^^^^^^
^^^^^^^^^^^^^^^^^^^^^^
^^^^^^
  |
  = note: `#[warn(unus
ed_imports)]` on by 
default

warning: 
`trading-core` (bin 
"research_engine") 
generated 1 warning 
(run `cargo fix --bin 
"research_engine"` to 
apply 1 suggestion)
    Finished `dev` 
profile [unoptimized 
+ debuginfo] 
target(s) in 1.06s
